2025-04-16 13:35:01 - GET Request - Category: normal, Status: pending, Mapped Status: Submitted
2025-04-16 13:35:01 - Entries Fetched: [{"waste_entry_id":1,"user_id":2,"waste_type_id":1,"location_id":1,"quantity":"10.00","date":"2025-04-16","waste_category":"household","household_waste":10,"non_household_waste":null,"controlled_facility":1,"status":"Submitted","submission_date":"2025-04-16 02:13:07","validation_date":null,"validator_id":null,"waste_subtype":"Glass"},{"waste_entry_id":3,"user_id":2,"waste_type_id":1,"location_id":1,"quantity":"99.00","date":"2025-04-26","waste_category":"household","household_waste":99,"non_household_waste":null,"controlled_facility":1,"status":"Submitted","submission_date":"2025-04-16 02:28:57","validation_date":null,"validator_id":null,"waste_subtype":"Plastic"},{"waste_entry_id":5,"user_id":2,"waste_type_id":1,"location_id":3,"quantity":"69.00","date":"2025-04-16","waste_category":"non_household","household_waste":null,"non_household_waste":69,"controlled_facility":1,"status":"Submitted","submission_date":"2025-04-16 14:32:47","validation_date":null,"validator_id":null,"waste_subtype":"Organic"}]
2025-04-16 13:35:01 - GET Request - Category: construction, Status: pending, Mapped Status: Submitted
2025-04-16 13:35:01 - Entries Fetched: []
2025-04-16 13:35:01 - GET Request - Category: normal, Status: approved, Mapped Status: Approved
2025-04-16 13:35:01 - Entries Fetched: []
2025-04-16 13:35:01 - GET Request - Category: construction, Status: approved, Mapped Status: Approved
2025-04-16 13:35:01 - Entries Fetched: []
2025-04-16 13:35:11 - GET Request - Category: normal, Status: pending, Mapped Status: Submitted
2025-04-16 13:35:11 - Entries Fetched: [{"waste_entry_id":1,"user_id":2,"waste_type_id":1,"location_id":1,"quantity":"10.00","date":"2025-04-16","waste_category":"household","household_waste":10,"non_household_waste":null,"controlled_facility":1,"status":"Submitted","submission_date":"2025-04-16 02:13:07","validation_date":null,"validator_id":null,"waste_subtype":"Glass"},{"waste_entry_id":3,"user_id":2,"waste_type_id":1,"location_id":1,"quantity":"99.00","date":"2025-04-26","waste_category":"household","household_waste":99,"non_household_waste":null,"controlled_facility":1,"status":"Submitted","submission_date":"2025-04-16 02:28:57","validation_date":null,"validator_id":null,"waste_subtype":"Plastic"},{"waste_entry_id":5,"user_id":2,"waste_type_id":1,"location_id":3,"quantity":"69.00","date":"2025-04-16","waste_category":"non_household","household_waste":null,"non_household_waste":69,"controlled_facility":1,"status":"Submitted","submission_date":"2025-04-16 14:32:47","validation_date":null,"validator_id":null,"waste_subtype":"Organic"}]
2025-04-16 13:35:11 - GET Request - Category: construction, Status: pending, Mapped Status: Submitted
2025-04-16 13:35:11 - Entries Fetched: []
2025-04-16 13:35:11 - GET Request - Category: normal, Status: approved, Mapped Status: Approved
2025-04-16 13:35:11 - Entries Fetched: []
2025-04-16 13:35:11 - GET Request - Category: construction, Status: approved, Mapped Status: Approved
2025-04-16 13:35:11 - Entries Fetched: []
2025-04-16 13:35:15 - GET Request - Category: normal, Status: pending, Mapped Status: Submitted
2025-04-16 13:35:15 - Entries Fetched: [{"waste_entry_id":1,"user_id":2,"waste_type_id":1,"location_id":1,"quantity":"10.00","date":"2025-04-16","waste_category":"household","household_waste":10,"non_household_waste":null,"controlled_facility":1,"status":"Submitted","submission_date":"2025-04-16 02:13:07","validation_date":null,"validator_id":null,"waste_subtype":"Glass"},{"waste_entry_id":3,"user_id":2,"waste_type_id":1,"location_id":1,"quantity":"99.00","date":"2025-04-26","waste_category":"household","household_waste":99,"non_household_waste":null,"controlled_facility":1,"status":"Submitted","submission_date":"2025-04-16 02:28:57","validation_date":null,"validator_id":null,"waste_subtype":"Plastic"},{"waste_entry_id":5,"user_id":2,"waste_type_id":1,"location_id":3,"quantity":"69.00","date":"2025-04-16","waste_category":"non_household","household_waste":null,"non_household_waste":69,"controlled_facility":1,"status":"Submitted","submission_date":"2025-04-16 14:32:47","validation_date":null,"validator_id":null,"waste_subtype":"Organic"}]
2025-04-16 13:35:15 - GET Request - Category: construction, Status: pending, Mapped Status: Submitted
2025-04-16 13:35:15 - Entries Fetched: []
2025-04-16 13:35:15 - GET Request - Category: normal, Status: approved, Mapped Status: Approved
2025-04-16 13:35:15 - Entries Fetched: []
2025-04-16 13:35:15 - GET Request - Category: construction, Status: approved, Mapped Status: Approved
2025-04-16 13:35:15 - Entries Fetched: []
2025-04-16 13:37:16 - GET Request - Category: normal, Status: pending, Mapped Status: Submitted
2025-04-16 13:37:16 - Entries Fetched: []
2025-04-16 13:37:16 - GET Request - Category: construction, Status: pending, Mapped Status: Submitted
2025-04-16 13:37:16 - Entries Fetched: []
2025-04-16 13:37:16 - GET Request - Category: normal, Status: approved, Mapped Status: Approved
2025-04-16 13:37:16 - Entries Fetched: [{"waste_entry_id":3,"user_id":2,"waste_type_id":1,"location_id":1,"quantity":"99.00","date":"2025-04-26","waste_category":"household","household_waste":99,"non_household_waste":null,"controlled_facility":1,"status":"Approved","submission_date":"2025-04-16 02:28:57","validation_date":"2025-04-16 13:35:24","validator_id":1,"waste_subtype":"Plastic"}]
2025-04-16 13:37:16 - GET Request - Category: construction, Status: approved, Mapped Status: Approved
2025-04-16 13:37:16 - Entries Fetched: []
2025-04-16 13:38:02 - GET Request - Category: normal, Status: pending, Mapped Status: Submitted
2025-04-16 13:38:02 - Entries Fetched: []
2025-04-16 13:38:02 - GET Request - Category: construction, Status: pending, Mapped Status: Submitted
2025-04-16 13:38:02 - Entries Fetched: [{"waste_entry_id":6,"user_id":2,"waste_type_id":2,"location_id":4,"quantity":"55.00","date":"2025-04-16","waste_category":"construction","household_waste":null,"non_household_waste":null,"controlled_facility":0,"status":"Submitted","submission_date":"2025-04-16 14:37:56","validation_date":null,"validator_id":null,"waste_subtype":"Construction"}]
2025-04-16 13:38:02 - GET Request - Category: normal, Status: approved, Mapped Status: Approved
2025-04-16 13:38:02 - Entries Fetched: [{"waste_entry_id":3,"user_id":2,"waste_type_id":1,"location_id":1,"quantity":"99.00","date":"2025-04-26","waste_category":"household","household_waste":99,"non_household_waste":null,"controlled_facility":1,"status":"Approved","submission_date":"2025-04-16 02:28:57","validation_date":"2025-04-16 13:35:24","validator_id":1,"waste_subtype":"Plastic"}]
2025-04-16 13:38:02 - GET Request - Category: construction, Status: approved, Mapped Status: Approved
2025-04-16 13:38:02 - Entries Fetched: []
2025-04-16 14:30:54 - GET Request - Category: normal, Status: pending, Mapped Status: Submitted
2025-04-16 14:30:54 - Entries Fetched: []
2025-04-16 14:30:54 - GET Request - Category: construction, Status: pending, Mapped Status: Submitted
2025-04-16 14:30:54 - Entries Fetched: [{"waste_entry_id":6,"user_id":2,"waste_type_id":2,"location_id":4,"quantity":"55.00","date":"2025-04-16","waste_category":"construction","household_waste":null,"non_household_waste":null,"controlled_facility":0,"status":"Submitted","submission_date":"2025-04-16 14:37:56","validation_date":null,"validator_id":null,"waste_subtype":"Construction"}]
2025-04-16 14:30:54 - GET Request - Category: normal, Status: approved, Mapped Status: Approved
2025-04-16 14:30:54 - Entries Fetched: [{"waste_entry_id":3,"user_id":2,"waste_type_id":1,"location_id":1,"quantity":"99.00","date":"2025-04-26","waste_category":"household","household_waste":99,"non_household_waste":null,"controlled_facility":1,"status":"Approved","submission_date":"2025-04-16 02:28:57","validation_date":"2025-04-16 13:35:24","validator_id":1,"waste_subtype":"Plastic"}]
2025-04-16 14:30:54 - GET Request - Category: construction, Status: approved, Mapped Status: Approved
2025-04-16 14:30:54 - Entries Fetched: []
2025-04-16 14:31:56 - GET Request - Category: normal, Status: pending, Mapped Status: Submitted
2025-04-16 14:31:56 - Entries Fetched: [{"waste_entry_id":7,"user_id":1,"waste_type_id":1,"location_id":4,"quantity":"100.00","date":"2025-04-16","waste_category":"non_household","household_waste":null,"non_household_waste":100,"controlled_facility":1,"status":"Submitted","submission_date":"2025-04-16 15:31:35","validation_date":null,"validator_id":null,"waste_subtype":"Metal"}]
2025-04-16 14:31:56 - GET Request - Category: construction, Status: pending, Mapped Status: Submitted
2025-04-16 14:31:56 - Entries Fetched: [{"waste_entry_id":6,"user_id":2,"waste_type_id":2,"location_id":4,"quantity":"55.00","date":"2025-04-16","waste_category":"construction","household_waste":null,"non_household_waste":null,"controlled_facility":0,"status":"Submitted","submission_date":"2025-04-16 14:37:56","validation_date":null,"validator_id":null,"waste_subtype":"Construction"}]
2025-04-16 14:31:56 - GET Request - Category: normal, Status: approved, Mapped Status: Approved
2025-04-16 14:31:56 - Entries Fetched: [{"waste_entry_id":3,"user_id":2,"waste_type_id":1,"location_id":1,"quantity":"99.00","date":"2025-04-26","waste_category":"household","household_waste":99,"non_household_waste":null,"controlled_facility":1,"status":"Approved","submission_date":"2025-04-16 02:28:57","validation_date":"2025-04-16 13:35:24","validator_id":1,"waste_subtype":"Plastic"}]
2025-04-16 14:31:56 - GET Request - Category: construction, Status: approved, Mapped Status: Approved
2025-04-16 14:31:56 - Entries Fetched: []
2025-04-16 14:37:16 - GET Request - Category: normal, Status: pending, Mapped Status: Submitted
2025-04-16 14:37:16 - Entries Fetched: []
2025-04-16 14:37:16 - GET Request - Category: construction, Status: pending, Mapped Status: Submitted
2025-04-16 14:37:16 - Entries Fetched: []
2025-04-16 14:37:16 - GET Request - Category: normal, Status: approved, Mapped Status: Approved
2025-04-16 14:37:16 - Entries Fetched: [{"waste_entry_id":3,"user_id":2,"waste_type_id":1,"location_id":1,"quantity":"99.00","date":"2025-04-26","waste_category":"household","household_waste":99,"non_household_waste":null,"controlled_facility":1,"status":"Approved","submission_date":"2025-04-16 02:28:57","validation_date":"2025-04-16 13:35:24","validator_id":1,"waste_subtype":"Plastic"},{"waste_entry_id":7,"user_id":1,"waste_type_id":1,"location_id":4,"quantity":"100.00","date":"2025-04-16","waste_category":"non_household","household_waste":null,"non_household_waste":100,"controlled_facility":1,"status":"Approved","submission_date":"2025-04-16 15:31:35","validation_date":"2025-04-16 14:32:03","validator_id":1,"waste_subtype":"Metal"}]
2025-04-16 14:37:16 - GET Request - Category: construction, Status: approved, Mapped Status: Approved
2025-04-16 14:37:16 - Entries Fetched: [{"waste_entry_id":6,"user_id":2,"waste_type_id":2,"location_id":4,"quantity":"55.00","date":"2025-04-16","waste_category":"construction","household_waste":null,"non_household_waste":null,"controlled_facility":0,"status":"Approved","submission_date":"2025-04-16 14:37:56","validation_date":"2025-04-16 14:32:04","validator_id":1,"waste_subtype":"Construction"}]
2025-04-16 14:52:31 - GET Request - Category: normal, Status: pending, Mapped Status: Submitted
2025-04-16 14:52:31 - Entries Fetched: []
2025-04-16 14:52:31 - GET Request - Category: construction, Status: pending, Mapped Status: Submitted
2025-04-16 14:52:31 - Entries Fetched: []
2025-04-16 14:52:31 - GET Request - Category: normal, Status: approved, Mapped Status: Approved
2025-04-16 14:52:31 - Entries Fetched: [{"waste_entry_id":3,"user_id":2,"waste_type_id":1,"location_id":1,"quantity":"99.00","date":"2025-04-26","waste_category":"household","household_waste":99,"non_household_waste":null,"controlled_facility":1,"status":"Approved","submission_date":"2025-04-16 02:28:57","validation_date":"2025-04-16 13:35:24","validator_id":1,"waste_subtype":"Plastic"},{"waste_entry_id":7,"user_id":1,"waste_type_id":1,"location_id":4,"quantity":"100.00","date":"2025-04-16","waste_category":"non_household","household_waste":null,"non_household_waste":100,"controlled_facility":1,"status":"Approved","submission_date":"2025-04-16 15:31:35","validation_date":"2025-04-16 14:32:03","validator_id":1,"waste_subtype":"Metal"}]
2025-04-16 14:52:31 - GET Request - Category: construction, Status: approved, Mapped Status: Approved
2025-04-16 14:52:31 - Entries Fetched: [{"waste_entry_id":6,"user_id":2,"waste_type_id":2,"location_id":4,"quantity":"55.00","date":"2025-04-16","waste_category":"construction","household_waste":null,"non_household_waste":null,"controlled_facility":0,"status":"Approved","submission_date":"2025-04-16 14:37:56","validation_date":"2025-04-16 14:32:04","validator_id":1,"waste_subtype":"Construction"}]
2025-04-16 14:54:01 - GET Request - Category: normal, Status: pending, Mapped Status: Submitted
2025-04-16 14:54:01 - Entries Fetched: []
2025-04-16 14:54:01 - GET Request - Category: construction, Status: pending, Mapped Status: Submitted
2025-04-16 14:54:01 - Entries Fetched: []
2025-04-16 14:54:01 - GET Request - Category: normal, Status: approved, Mapped Status: Approved
2025-04-16 14:54:01 - Entries Fetched: [{"waste_entry_id":3,"user_id":2,"waste_type_id":1,"location_id":1,"quantity":"99.00","date":"2025-04-26","waste_category":"household","household_waste":99,"non_household_waste":null,"controlled_facility":1,"status":"Approved","submission_date":"2025-04-16 02:28:57","validation_date":"2025-04-16 13:35:24","validator_id":1,"waste_subtype":"Plastic"},{"waste_entry_id":7,"user_id":1,"waste_type_id":1,"location_id":4,"quantity":"100.00","date":"2025-04-16","waste_category":"non_household","household_waste":null,"non_household_waste":100,"controlled_facility":1,"status":"Approved","submission_date":"2025-04-16 15:31:35","validation_date":"2025-04-16 14:32:03","validator_id":1,"waste_subtype":"Metal"}]
2025-04-16 14:54:01 - GET Request - Category: construction, Status: approved, Mapped Status: Approved
2025-04-16 14:54:01 - Entries Fetched: [{"waste_entry_id":6,"user_id":2,"waste_type_id":2,"location_id":4,"quantity":"55.00","date":"2025-04-16","waste_category":"construction","household_waste":null,"non_household_waste":null,"controlled_facility":0,"status":"Approved","submission_date":"2025-04-16 14:37:56","validation_date":"2025-04-16 14:32:04","validator_id":1,"waste_subtype":"Construction"}]
2025-04-16 14:57:01 - GET Request - Category: normal, Status: pending, Mapped Status: Submitted
2025-04-16 14:57:01 - Entries Fetched: []
2025-04-16 14:57:01 - GET Request - Category: construction, Status: pending, Mapped Status: Submitted
2025-04-16 14:57:01 - Entries Fetched: []
2025-04-16 14:57:01 - GET Request - Category: normal, Status: approved, Mapped Status: Approved
2025-04-16 14:57:01 - Entries Fetched: [{"waste_entry_id":3,"user_id":2,"waste_type_id":1,"location_id":1,"quantity":"99.00","date":"2025-04-26","waste_category":"household","household_waste":99,"non_household_waste":null,"controlled_facility":1,"status":"Approved","submission_date":"2025-04-16 02:28:57","validation_date":"2025-04-16 13:35:24","validator_id":1,"waste_subtype":"Plastic"},{"waste_entry_id":7,"user_id":1,"waste_type_id":1,"location_id":4,"quantity":"100.00","date":"2025-04-16","waste_category":"non_household","household_waste":null,"non_household_waste":100,"controlled_facility":1,"status":"Approved","submission_date":"2025-04-16 15:31:35","validation_date":"2025-04-16 14:32:03","validator_id":1,"waste_subtype":"Metal"}]
2025-04-16 14:57:01 - GET Request - Category: construction, Status: approved, Mapped Status: Approved
2025-04-16 14:57:01 - Entries Fetched: [{"waste_entry_id":6,"user_id":2,"waste_type_id":2,"location_id":4,"quantity":"55.00","date":"2025-04-16","waste_category":"construction","household_waste":null,"non_household_waste":null,"controlled_facility":0,"status":"Approved","submission_date":"2025-04-16 14:37:56","validation_date":"2025-04-16 14:32:04","validator_id":1,"waste_subtype":"Construction"}]
2025-04-16 14:57:35 - GET Request - Category: normal, Status: pending, Mapped Status: Submitted
2025-04-16 14:57:35 - Entries Fetched: [{"waste_entry_id":8,"user_id":2,"waste_type_id":1,"location_id":2,"quantity":"66.00","date":"2025-04-17","waste_category":"non_household","household_waste":null,"non_household_waste":66,"controlled_facility":1,"status":"Submitted","submission_date":"2025-04-16 15:57:31","validation_date":null,"validator_id":null,"waste_subtype":"Textiles"}]
2025-04-16 14:57:35 - GET Request - Category: construction, Status: pending, Mapped Status: Submitted
2025-04-16 14:57:35 - Entries Fetched: []
2025-04-16 14:57:35 - GET Request - Category: normal, Status: approved, Mapped Status: Approved
2025-04-16 14:57:35 - Entries Fetched: [{"waste_entry_id":3,"user_id":2,"waste_type_id":1,"location_id":1,"quantity":"99.00","date":"2025-04-26","waste_category":"household","household_waste":99,"non_household_waste":null,"controlled_facility":1,"status":"Approved","submission_date":"2025-04-16 02:28:57","validation_date":"2025-04-16 13:35:24","validator_id":1,"waste_subtype":"Plastic"},{"waste_entry_id":7,"user_id":1,"waste_type_id":1,"location_id":4,"quantity":"100.00","date":"2025-04-16","waste_category":"non_household","household_waste":null,"non_household_waste":100,"controlled_facility":1,"status":"Approved","submission_date":"2025-04-16 15:31:35","validation_date":"2025-04-16 14:32:03","validator_id":1,"waste_subtype":"Metal"}]
2025-04-16 14:57:35 - GET Request - Category: construction, Status: approved, Mapped Status: Approved
2025-04-16 14:57:35 - Entries Fetched: [{"waste_entry_id":6,"user_id":2,"waste_type_id":2,"location_id":4,"quantity":"55.00","date":"2025-04-16","waste_category":"construction","household_waste":null,"non_household_waste":null,"controlled_facility":0,"status":"Approved","submission_date":"2025-04-16 14:37:56","validation_date":"2025-04-16 14:32:04","validator_id":1,"waste_subtype":"Construction"}]
2025-04-16 15:02:00 - GET Request - Category: normal, Status: pending, Mapped Status: Submitted
2025-04-16 15:02:00 - Entries Fetched: []
2025-04-16 15:02:00 - GET Request - Category: construction, Status: pending, Mapped Status: Submitted
2025-04-16 15:02:00 - Entries Fetched: []
2025-04-16 15:02:00 - GET Request - Category: normal, Status: approved, Mapped Status: Approved
2025-04-16 15:02:00 - Entries Fetched: [{"waste_entry_id":3,"user_id":2,"waste_type_id":1,"location_id":1,"quantity":"99.00","date":"2025-04-26","waste_category":"household","household_waste":99,"non_household_waste":null,"controlled_facility":1,"status":"Approved","submission_date":"2025-04-16 02:28:57","validation_date":"2025-04-16 13:35:24","validator_id":1,"waste_subtype":"Plastic"},{"waste_entry_id":7,"user_id":1,"waste_type_id":1,"location_id":4,"quantity":"100.00","date":"2025-04-16","waste_category":"non_household","household_waste":null,"non_household_waste":100,"controlled_facility":1,"status":"Approved","submission_date":"2025-04-16 15:31:35","validation_date":"2025-04-16 14:32:03","validator_id":1,"waste_subtype":"Metal"},{"waste_entry_id":8,"user_id":2,"waste_type_id":1,"location_id":2,"quantity":"66.00","date":"2025-04-17","waste_category":"non_household","household_waste":null,"non_household_waste":66,"controlled_facility":1,"status":"Approved","submission_date":"2025-04-16 15:57:31","validation_date":"2025-04-16 14:57:44","validator_id":1,"waste_subtype":"Textiles"}]
2025-04-16 15:02:00 - GET Request - Category: construction, Status: approved, Mapped Status: Approved
2025-04-16 15:02:00 - Entries Fetched: [{"waste_entry_id":6,"user_id":2,"waste_type_id":2,"location_id":4,"quantity":"55.00","date":"2025-04-16","waste_category":"construction","household_waste":null,"non_household_waste":null,"controlled_facility":0,"status":"Approved","submission_date":"2025-04-16 14:37:56","validation_date":"2025-04-16 14:32:04","validator_id":1,"waste_subtype":"Construction"}]
2025-04-16 15:02:26 - GET Request - Category: normal, Status: pending, Mapped Status: Submitted
2025-04-16 15:02:26 - Entries Fetched: []
2025-04-16 15:02:26 - GET Request - Category: construction, Status: pending, Mapped Status: Submitted
2025-04-16 15:02:26 - Entries Fetched: []
2025-04-16 15:02:26 - GET Request - Category: normal, Status: approved, Mapped Status: Approved
2025-04-16 15:02:26 - Entries Fetched: [{"waste_entry_id":3,"user_id":2,"waste_type_id":1,"location_id":1,"quantity":"99.00","date":"2025-04-26","waste_category":"household","household_waste":99,"non_household_waste":null,"controlled_facility":1,"status":"Approved","submission_date":"2025-04-16 02:28:57","validation_date":"2025-04-16 13:35:24","validator_id":1,"waste_subtype":"Plastic"},{"waste_entry_id":7,"user_id":1,"waste_type_id":1,"location_id":4,"quantity":"100.00","date":"2025-04-16","waste_category":"non_household","household_waste":null,"non_household_waste":100,"controlled_facility":1,"status":"Approved","submission_date":"2025-04-16 15:31:35","validation_date":"2025-04-16 14:32:03","validator_id":1,"waste_subtype":"Metal"},{"waste_entry_id":8,"user_id":2,"waste_type_id":1,"location_id":2,"quantity":"66.00","date":"2025-04-17","waste_category":"non_household","household_waste":null,"non_household_waste":66,"controlled_facility":1,"status":"Approved","submission_date":"2025-04-16 15:57:31","validation_date":"2025-04-16 14:57:44","validator_id":1,"waste_subtype":"Textiles"}]
2025-04-16 15:02:26 - GET Request - Category: construction, Status: approved, Mapped Status: Approved
2025-04-16 15:02:26 - Entries Fetched: [{"waste_entry_id":6,"user_id":2,"waste_type_id":2,"location_id":4,"quantity":"55.00","date":"2025-04-16","waste_category":"construction","household_waste":null,"non_household_waste":null,"controlled_facility":0,"status":"Approved","submission_date":"2025-04-16 14:37:56","validation_date":"2025-04-16 14:32:04","validator_id":1,"waste_subtype":"Construction"}]
2025-04-16 15:02:45 - GET Request - Category: normal, Status: pending, Mapped Status: Submitted
2025-04-16 15:02:45 - Entries Fetched: []
2025-04-16 15:02:45 - GET Request - Category: construction, Status: pending, Mapped Status: Submitted
2025-04-16 15:02:45 - Entries Fetched: [{"waste_entry_id":9,"user_id":1,"waste_type_id":2,"location_id":1,"quantity":"77.00","date":"2025-04-10","waste_category":"construction","household_waste":null,"non_household_waste":null,"controlled_facility":0,"status":"Submitted","submission_date":"2025-04-16 16:02:42","validation_date":null,"validator_id":null,"waste_subtype":"Construction"}]
2025-04-16 15:02:45 - GET Request - Category: normal, Status: approved, Mapped Status: Approved
2025-04-16 15:02:45 - Entries Fetched: [{"waste_entry_id":3,"user_id":2,"waste_type_id":1,"location_id":1,"quantity":"99.00","date":"2025-04-26","waste_category":"household","household_waste":99,"non_household_waste":null,"controlled_facility":1,"status":"Approved","submission_date":"2025-04-16 02:28:57","validation_date":"2025-04-16 13:35:24","validator_id":1,"waste_subtype":"Plastic"},{"waste_entry_id":7,"user_id":1,"waste_type_id":1,"location_id":4,"quantity":"100.00","date":"2025-04-16","waste_category":"non_household","household_waste":null,"non_household_waste":100,"controlled_facility":1,"status":"Approved","submission_date":"2025-04-16 15:31:35","validation_date":"2025-04-16 14:32:03","validator_id":1,"waste_subtype":"Metal"},{"waste_entry_id":8,"user_id":2,"waste_type_id":1,"location_id":2,"quantity":"66.00","date":"2025-04-17","waste_category":"non_household","household_waste":null,"non_household_waste":66,"controlled_facility":1,"status":"Approved","submission_date":"2025-04-16 15:57:31","validation_date":"2025-04-16 14:57:44","validator_id":1,"waste_subtype":"Textiles"}]
2025-04-16 15:02:45 - GET Request - Category: construction, Status: approved, Mapped Status: Approved
2025-04-16 15:02:45 - Entries Fetched: [{"waste_entry_id":6,"user_id":2,"waste_type_id":2,"location_id":4,"quantity":"55.00","date":"2025-04-16","waste_category":"construction","household_waste":null,"non_household_waste":null,"controlled_facility":0,"status":"Approved","submission_date":"2025-04-16 14:37:56","validation_date":"2025-04-16 14:32:04","validator_id":1,"waste_subtype":"Construction"}]
2025-04-16 15:03:02 - GET Request - Category: normal, Status: pending, Mapped Status: Submitted
2025-04-16 15:03:02 - Entries Fetched: []
2025-04-16 15:03:02 - GET Request - Category: construction, Status: pending, Mapped Status: Submitted
2025-04-16 15:03:02 - Entries Fetched: []
2025-04-16 15:03:02 - GET Request - Category: normal, Status: approved, Mapped Status: Approved
2025-04-16 15:03:02 - Entries Fetched: [{"waste_entry_id":3,"user_id":2,"waste_type_id":1,"location_id":1,"quantity":"99.00","date":"2025-04-26","waste_category":"household","household_waste":99,"non_household_waste":null,"controlled_facility":1,"status":"Approved","submission_date":"2025-04-16 02:28:57","validation_date":"2025-04-16 13:35:24","validator_id":1,"waste_subtype":"Plastic"},{"waste_entry_id":7,"user_id":1,"waste_type_id":1,"location_id":4,"quantity":"100.00","date":"2025-04-16","waste_category":"non_household","household_waste":null,"non_household_waste":100,"controlled_facility":1,"status":"Approved","submission_date":"2025-04-16 15:31:35","validation_date":"2025-04-16 14:32:03","validator_id":1,"waste_subtype":"Metal"},{"waste_entry_id":8,"user_id":2,"waste_type_id":1,"location_id":2,"quantity":"66.00","date":"2025-04-17","waste_category":"non_household","household_waste":null,"non_household_waste":66,"controlled_facility":1,"status":"Approved","submission_date":"2025-04-16 15:57:31","validation_date":"2025-04-16 14:57:44","validator_id":1,"waste_subtype":"Textiles"}]
2025-04-16 15:03:02 - GET Request - Category: construction, Status: approved, Mapped Status: Approved
2025-04-16 15:03:02 - Entries Fetched: [{"waste_entry_id":6,"user_id":2,"waste_type_id":2,"location_id":4,"quantity":"55.00","date":"2025-04-16","waste_category":"construction","household_waste":null,"non_household_waste":null,"controlled_facility":0,"status":"Approved","submission_date":"2025-04-16 14:37:56","validation_date":"2025-04-16 14:32:04","validator_id":1,"waste_subtype":"Construction"},{"waste_entry_id":9,"user_id":1,"waste_type_id":2,"location_id":1,"quantity":"77.00","date":"2025-04-10","waste_category":"construction","household_waste":null,"non_household_waste":null,"controlled_facility":0,"status":"Approved","submission_date":"2025-04-16 16:02:42","validation_date":"2025-04-16 15:02:47","validator_id":1,"waste_subtype":"Construction"}]
2025-04-16 15:03:12 - GET Request - Category: normal, Status: pending, Mapped Status: Submitted
2025-04-16 15:03:12 - Entries Fetched: []
2025-04-16 15:03:12 - GET Request - Category: construction, Status: pending, Mapped Status: Submitted
2025-04-16 15:03:12 - Entries Fetched: []
2025-04-16 15:03:12 - GET Request - Category: normal, Status: approved, Mapped Status: Approved
2025-04-16 15:03:12 - Entries Fetched: [{"waste_entry_id":3,"user_id":2,"waste_type_id":1,"location_id":1,"quantity":"99.00","date":"2025-04-26","waste_category":"household","household_waste":99,"non_household_waste":null,"controlled_facility":1,"status":"Approved","submission_date":"2025-04-16 02:28:57","validation_date":"2025-04-16 13:35:24","validator_id":1,"waste_subtype":"Plastic"},{"waste_entry_id":7,"user_id":1,"waste_type_id":1,"location_id":4,"quantity":"100.00","date":"2025-04-16","waste_category":"non_household","household_waste":null,"non_household_waste":100,"controlled_facility":1,"status":"Approved","submission_date":"2025-04-16 15:31:35","validation_date":"2025-04-16 14:32:03","validator_id":1,"waste_subtype":"Metal"},{"waste_entry_id":8,"user_id":2,"waste_type_id":1,"location_id":2,"quantity":"66.00","date":"2025-04-17","waste_category":"non_household","household_waste":null,"non_household_waste":66,"controlled_facility":1,"status":"Approved","submission_date":"2025-04-16 15:57:31","validation_date":"2025-04-16 14:57:44","validator_id":1,"waste_subtype":"Textiles"}]
2025-04-16 15:03:12 - GET Request - Category: construction, Status: approved, Mapped Status: Approved
2025-04-16 15:03:12 - Entries Fetched: [{"waste_entry_id":6,"user_id":2,"waste_type_id":2,"location_id":4,"quantity":"55.00","date":"2025-04-16","waste_category":"construction","household_waste":null,"non_household_waste":null,"controlled_facility":0,"status":"Approved","submission_date":"2025-04-16 14:37:56","validation_date":"2025-04-16 14:32:04","validator_id":1,"waste_subtype":"Construction"},{"waste_entry_id":9,"user_id":1,"waste_type_id":2,"location_id":1,"quantity":"77.00","date":"2025-04-10","waste_category":"construction","household_waste":null,"non_household_waste":null,"controlled_facility":0,"status":"Approved","submission_date":"2025-04-16 16:02:42","validation_date":"2025-04-16 15:02:47","validator_id":1,"waste_subtype":"Construction"}]
2025-04-16 15:03:37 - GET Request - Category: normal, Status: pending, Mapped Status: Submitted
2025-04-16 15:03:37 - Entries Fetched: []
2025-04-16 15:03:37 - GET Request - Category: construction, Status: pending, Mapped Status: Submitted
2025-04-16 15:03:37 - Entries Fetched: [{"waste_entry_id":10,"user_id":1,"waste_type_id":2,"location_id":5,"quantity":"90.00","date":"2025-04-04","waste_category":"construction","household_waste":null,"non_household_waste":null,"controlled_facility":0,"status":"Submitted","submission_date":"2025-04-16 16:03:31","validation_date":null,"validator_id":null,"waste_subtype":"Wood"}]
2025-04-16 15:03:37 - GET Request - Category: normal, Status: approved, Mapped Status: Approved
2025-04-16 15:03:37 - Entries Fetched: [{"waste_entry_id":7,"user_id":1,"waste_type_id":1,"location_id":4,"quantity":"100.00","date":"2025-04-16","waste_category":"non_household","household_waste":null,"non_household_waste":100,"controlled_facility":1,"status":"Approved","submission_date":"2025-04-16 15:31:35","validation_date":"2025-04-16 14:32:03","validator_id":1,"waste_subtype":"Metal"},{"waste_entry_id":8,"user_id":2,"waste_type_id":1,"location_id":2,"quantity":"66.00","date":"2025-04-17","waste_category":"non_household","household_waste":null,"non_household_waste":66,"controlled_facility":1,"status":"Approved","submission_date":"2025-04-16 15:57:31","validation_date":"2025-04-16 14:57:44","validator_id":1,"waste_subtype":"Textiles"}]
2025-04-16 15:03:37 - GET Request - Category: construction, Status: approved, Mapped Status: Approved
2025-04-16 15:03:37 - Entries Fetched: [{"waste_entry_id":6,"user_id":2,"waste_type_id":2,"location_id":4,"quantity":"55.00","date":"2025-04-16","waste_category":"construction","household_waste":null,"non_household_waste":null,"controlled_facility":0,"status":"Approved","submission_date":"2025-04-16 14:37:56","validation_date":"2025-04-16 14:32:04","validator_id":1,"waste_subtype":"Construction"},{"waste_entry_id":9,"user_id":1,"waste_type_id":2,"location_id":1,"quantity":"77.00","date":"2025-04-10","waste_category":"construction","household_waste":null,"non_household_waste":null,"controlled_facility":0,"status":"Approved","submission_date":"2025-04-16 16:02:42","validation_date":"2025-04-16 15:02:47","validator_id":1,"waste_subtype":"Construction"}]
2025-04-16 15:13:44 - GET Request - Category: normal, Status: pending, Mapped Status: Submitted
2025-04-16 15:13:44 - Entries Fetched: []
2025-04-16 15:13:44 - GET Request - Category: construction, Status: pending, Mapped Status: Submitted
2025-04-16 15:13:44 - Entries Fetched: []
2025-04-16 15:13:44 - GET Request - Category: normal, Status: approved, Mapped Status: Approved
2025-04-16 15:13:44 - Entries Fetched: [{"waste_entry_id":7,"user_id":1,"waste_type_id":1,"location_id":4,"quantity":"100.00","date":"2025-04-16","waste_category":"non_household","household_waste":null,"non_household_waste":100,"controlled_facility":1,"status":"Approved","submission_date":"2025-04-16 15:31:35","validation_date":"2025-04-16 14:32:03","validator_id":1,"waste_subtype":"Metal"},{"waste_entry_id":8,"user_id":2,"waste_type_id":1,"location_id":2,"quantity":"67.00","date":"2025-04-17","waste_category":"non_household","household_waste":null,"non_household_waste":66,"controlled_facility":1,"status":"Approved","submission_date":"2025-04-16 15:57:31","validation_date":"2025-04-16 14:57:44","validator_id":1,"waste_subtype":"Textiles"}]
2025-04-16 15:13:44 - GET Request - Category: construction, Status: approved, Mapped Status: Approved
2025-04-16 15:13:44 - Entries Fetched: [{"waste_entry_id":6,"user_id":2,"waste_type_id":2,"location_id":4,"quantity":"55.00","date":"2025-04-16","waste_category":"construction","household_waste":null,"non_household_waste":null,"controlled_facility":0,"status":"Approved","submission_date":"2025-04-16 14:37:56","validation_date":"2025-04-16 14:32:04","validator_id":1,"waste_subtype":"Construction"},{"waste_entry_id":9,"user_id":1,"waste_type_id":2,"location_id":1,"quantity":"77.00","date":"2025-04-10","waste_category":"construction","household_waste":null,"non_household_waste":null,"controlled_facility":0,"status":"Approved","submission_date":"2025-04-16 16:02:42","validation_date":"2025-04-16 15:02:47","validator_id":1,"waste_subtype":"Construction"},{"waste_entry_id":10,"user_id":1,"waste_type_id":2,"location_id":5,"quantity":"80.00","date":"2025-04-04","waste_category":"construction","household_waste":null,"non_household_waste":null,"controlled_facility":0,"status":"Approved","submission_date":"2025-04-16 16:03:31","validation_date":"2025-04-16 15:03:38","validator_id":1,"waste_subtype":"Wood"}]
2025-04-16 15:29:06 - GET Request - Category: normal, Status: pending, Mapped Status: Submitted
2025-04-16 15:29:06 - Entries Fetched: []
2025-04-16 15:29:06 - GET Request - Category: construction, Status: pending, Mapped Status: Submitted
2025-04-16 15:29:06 - Entries Fetched: []
2025-04-16 15:29:06 - GET Request - Category: normal, Status: approved, Mapped Status: Approved
2025-04-16 15:29:06 - Entries Fetched: [{"waste_entry_id":7,"user_id":1,"waste_type_id":1,"location_id":4,"quantity":"100.00","date":"2025-04-16","waste_category":"non_household","household_waste":null,"non_household_waste":100,"controlled_facility":1,"status":"Approved","submission_date":"2025-04-16 15:31:35","validation_date":"2025-04-16 14:32:03","validator_id":1,"waste_subtype":"Metal"},{"waste_entry_id":8,"user_id":2,"waste_type_id":1,"location_id":2,"quantity":"67.00","date":"2025-04-17","waste_category":"non_household","household_waste":null,"non_household_waste":66,"controlled_facility":1,"status":"Approved","submission_date":"2025-04-16 15:57:31","validation_date":"2025-04-16 14:57:44","validator_id":1,"waste_subtype":"Textiles"}]
2025-04-16 15:29:06 - GET Request - Category: construction, Status: approved, Mapped Status: Approved
2025-04-16 15:29:06 - Entries Fetched: [{"waste_entry_id":6,"user_id":2,"waste_type_id":2,"location_id":4,"quantity":"55.00","date":"2025-04-16","waste_category":"construction","household_waste":null,"non_household_waste":null,"controlled_facility":0,"status":"Approved","submission_date":"2025-04-16 14:37:56","validation_date":"2025-04-16 14:32:04","validator_id":1,"waste_subtype":"Construction"},{"waste_entry_id":9,"user_id":1,"waste_type_id":2,"location_id":1,"quantity":"77.00","date":"2025-04-10","waste_category":"construction","household_waste":null,"non_household_waste":null,"controlled_facility":0,"status":"Approved","submission_date":"2025-04-16 16:02:42","validation_date":"2025-04-16 15:02:47","validator_id":1,"waste_subtype":"Construction"},{"waste_entry_id":10,"user_id":1,"waste_type_id":2,"location_id":5,"quantity":"80.00","date":"2025-04-04","waste_category":"construction","household_waste":null,"non_household_waste":null,"controlled_facility":0,"status":"Approved","submission_date":"2025-04-16 16:03:31","validation_date":"2025-04-16 15:03:38","validator_id":1,"waste_subtype":"Wood"}]
2025-04-16 16:01:55 - GET Request - Category: normal, Status: pending, Mapped Status: Submitted
2025-04-16 16:01:55 - Entries Fetched: []
2025-04-16 16:01:55 - GET Request - Category: construction, Status: pending, Mapped Status: Submitted
2025-04-16 16:01:55 - Entries Fetched: []
2025-04-16 16:01:55 - GET Request - Category: normal, Status: approved, Mapped Status: Approved
2025-04-16 16:01:55 - Entries Fetched: [{"waste_entry_id":7,"user_id":1,"waste_type_id":1,"location_id":4,"quantity":"100.00","date":"2025-04-16","waste_category":"non_household","household_waste":null,"non_household_waste":100,"controlled_facility":1,"status":"Approved","submission_date":"2025-04-16 15:31:35","validation_date":"2025-04-16 14:32:03","validator_id":1,"waste_subtype":"Metal"},{"waste_entry_id":8,"user_id":2,"waste_type_id":1,"location_id":2,"quantity":"67.00","date":"2025-04-17","waste_category":"non_household","household_waste":null,"non_household_waste":66,"controlled_facility":1,"status":"Approved","submission_date":"2025-04-16 15:57:31","validation_date":"2025-04-16 14:57:44","validator_id":1,"waste_subtype":"Textiles"}]
2025-04-16 16:01:55 - GET Request - Category: construction, Status: approved, Mapped Status: Approved
2025-04-16 16:01:55 - Entries Fetched: [{"waste_entry_id":6,"user_id":2,"waste_type_id":2,"location_id":4,"quantity":"55.00","date":"2025-04-16","waste_category":"construction","household_waste":null,"non_household_waste":null,"controlled_facility":0,"status":"Approved","submission_date":"2025-04-16 14:37:56","validation_date":"2025-04-16 14:32:04","validator_id":1,"waste_subtype":"Construction"},{"waste_entry_id":9,"user_id":1,"waste_type_id":2,"location_id":1,"quantity":"77.00","date":"2025-04-10","waste_category":"construction","household_waste":null,"non_household_waste":null,"controlled_facility":0,"status":"Approved","submission_date":"2025-04-16 16:02:42","validation_date":"2025-04-16 15:02:47","validator_id":1,"waste_subtype":"Construction"},{"waste_entry_id":10,"user_id":1,"waste_type_id":2,"location_id":5,"quantity":"80.00","date":"2025-04-04","waste_category":"construction","household_waste":null,"non_household_waste":null,"controlled_facility":0,"status":"Approved","submission_date":"2025-04-16 16:03:31","validation_date":"2025-04-16 15:03:38","validator_id":1,"waste_subtype":"Wood"}]
2025-04-16 18:40:56 - GET Request - Category: normal, Status: pending, Mapped Status: Submitted
2025-04-16 18:40:56 - Entries Fetched: []
2025-04-16 18:40:56 - GET Request - Category: construction, Status: pending, Mapped Status: Submitted
2025-04-16 18:40:56 - Entries Fetched: [{"waste_entry_id":11,"user_id":1,"waste_type_id":2,"location_id":6,"quantity":"78.00","date":"2024-02-08","waste_category":"construction","household_waste":null,"non_household_waste":null,"controlled_facility":1,"status":"Submitted","submission_date":"2025-04-16 19:40:54","validation_date":null,"validator_id":null,"waste_subtype":"Wood"}]
2025-04-16 18:40:56 - GET Request - Category: normal, Status: approved, Mapped Status: Approved
2025-04-16 18:40:56 - Entries Fetched: [{"waste_entry_id":7,"user_id":1,"waste_type_id":1,"location_id":4,"quantity":"100.00","date":"2025-04-16","waste_category":"non_household","household_waste":null,"non_household_waste":100,"controlled_facility":1,"status":"Approved","submission_date":"2025-04-16 15:31:35","validation_date":"2025-04-16 14:32:03","validator_id":1,"waste_subtype":"Metal"},{"waste_entry_id":8,"user_id":2,"waste_type_id":1,"location_id":2,"quantity":"67.00","date":"2025-04-17","waste_category":"non_household","household_waste":null,"non_household_waste":66,"controlled_facility":1,"status":"Approved","submission_date":"2025-04-16 15:57:31","validation_date":"2025-04-16 14:57:44","validator_id":1,"waste_subtype":"Textiles"}]
2025-04-16 18:40:56 - GET Request - Category: construction, Status: approved, Mapped Status: Approved
2025-04-16 18:40:56 - Entries Fetched: [{"waste_entry_id":6,"user_id":2,"waste_type_id":2,"location_id":4,"quantity":"55.00","date":"2025-04-16","waste_category":"construction","household_waste":null,"non_household_waste":null,"controlled_facility":0,"status":"Approved","submission_date":"2025-04-16 14:37:56","validation_date":"2025-04-16 14:32:04","validator_id":1,"waste_subtype":"Construction"},{"waste_entry_id":9,"user_id":1,"waste_type_id":2,"location_id":1,"quantity":"77.00","date":"2025-04-10","waste_category":"construction","household_waste":null,"non_household_waste":null,"controlled_facility":0,"status":"Approved","submission_date":"2025-04-16 16:02:42","validation_date":"2025-04-16 15:02:47","validator_id":1,"waste_subtype":"Construction"},{"waste_entry_id":10,"user_id":1,"waste_type_id":2,"location_id":5,"quantity":"80.00","date":"2025-04-04","waste_category":"construction","household_waste":null,"non_household_waste":null,"controlled_facility":0,"status":"Approved","submission_date":"2025-04-16 16:03:31","validation_date":"2025-04-16 15:03:38","validator_id":1,"waste_subtype":"Wood"}]
2025-04-16 18:41:48 - GET Request - Category: normal, Status: pending, Mapped Status: Submitted
2025-04-16 18:41:48 - Entries Fetched: []
2025-04-16 18:41:48 - GET Request - Category: construction, Status: pending, Mapped Status: Submitted
2025-04-16 18:41:48 - Entries Fetched: [{"waste_entry_id":11,"user_id":1,"waste_type_id":2,"location_id":6,"quantity":"78.00","date":"2024-02-08","waste_category":"construction","household_waste":null,"non_household_waste":null,"controlled_facility":1,"status":"Submitted","submission_date":"2025-04-16 19:40:54","validation_date":null,"validator_id":null,"waste_subtype":"Wood"},{"waste_entry_id":12,"user_id":1,"waste_type_id":2,"location_id":4,"quantity":"77.00","date":"2024-02-07","waste_category":"construction","household_waste":null,"non_household_waste":null,"controlled_facility":0,"status":"Submitted","submission_date":"2025-04-16 19:41:46","validation_date":null,"validator_id":null,"waste_subtype":"Wood"}]
2025-04-16 18:41:48 - GET Request - Category: normal, Status: approved, Mapped Status: Approved
2025-04-16 18:41:48 - Entries Fetched: [{"waste_entry_id":7,"user_id":1,"waste_type_id":1,"location_id":4,"quantity":"100.00","date":"2025-04-16","waste_category":"non_household","household_waste":null,"non_household_waste":100,"controlled_facility":1,"status":"Approved","submission_date":"2025-04-16 15:31:35","validation_date":"2025-04-16 14:32:03","validator_id":1,"waste_subtype":"Metal"},{"waste_entry_id":8,"user_id":2,"waste_type_id":1,"location_id":2,"quantity":"67.00","date":"2025-04-17","waste_category":"non_household","household_waste":null,"non_household_waste":66,"controlled_facility":1,"status":"Approved","submission_date":"2025-04-16 15:57:31","validation_date":"2025-04-16 14:57:44","validator_id":1,"waste_subtype":"Textiles"}]
2025-04-16 18:41:48 - GET Request - Category: construction, Status: approved, Mapped Status: Approved
2025-04-16 18:41:48 - Entries Fetched: [{"waste_entry_id":6,"user_id":2,"waste_type_id":2,"location_id":4,"quantity":"55.00","date":"2025-04-16","waste_category":"construction","household_waste":null,"non_household_waste":null,"controlled_facility":0,"status":"Approved","submission_date":"2025-04-16 14:37:56","validation_date":"2025-04-16 14:32:04","validator_id":1,"waste_subtype":"Construction"},{"waste_entry_id":9,"user_id":1,"waste_type_id":2,"location_id":1,"quantity":"77.00","date":"2025-04-10","waste_category":"construction","household_waste":null,"non_household_waste":null,"controlled_facility":0,"status":"Approved","submission_date":"2025-04-16 16:02:42","validation_date":"2025-04-16 15:02:47","validator_id":1,"waste_subtype":"Construction"},{"waste_entry_id":10,"user_id":1,"waste_type_id":2,"location_id":5,"quantity":"80.00","date":"2025-04-04","waste_category":"construction","household_waste":null,"non_household_waste":null,"controlled_facility":0,"status":"Approved","submission_date":"2025-04-16 16:03:31","validation_date":"2025-04-16 15:03:38","validator_id":1,"waste_subtype":"Wood"}]
2025-04-16 18:47:22 - GET Request - Category: normal, Status: pending, Mapped Status: Submitted
2025-04-16 18:47:22 - Entries Fetched: []
2025-04-16 18:47:22 - GET Request - Category: construction, Status: pending, Mapped Status: Submitted
2025-04-16 18:47:22 - Entries Fetched: []
2025-04-16 18:47:22 - GET Request - Category: normal, Status: approved, Mapped Status: Approved
2025-04-16 18:47:22 - Entries Fetched: [{"waste_entry_id":7,"user_id":1,"waste_type_id":1,"location_id":4,"quantity":"100.00","date":"2025-04-16","waste_category":"non_household","household_waste":null,"non_household_waste":100,"controlled_facility":1,"status":"Approved","submission_date":"2025-04-16 15:31:35","validation_date":"2025-04-16 14:32:03","validator_id":1,"waste_subtype":"Metal"},{"waste_entry_id":8,"user_id":2,"waste_type_id":1,"location_id":2,"quantity":"67.00","date":"2025-04-17","waste_category":"non_household","household_waste":null,"non_household_waste":66,"controlled_facility":1,"status":"Approved","submission_date":"2025-04-16 15:57:31","validation_date":"2025-04-16 14:57:44","validator_id":1,"waste_subtype":"Textiles"}]
2025-04-16 18:47:22 - GET Request - Category: construction, Status: approved, Mapped Status: Approved
2025-04-16 18:47:22 - Entries Fetched: []
2025-04-16 18:47:30 - GET Request - Category: normal, Status: pending, Mapped Status: Submitted
2025-04-16 18:47:30 - Entries Fetched: []
2025-04-16 18:47:30 - GET Request - Category: construction, Status: pending, Mapped Status: Submitted
2025-04-16 18:47:30 - Entries Fetched: []
2025-04-16 18:47:30 - GET Request - Category: normal, Status: approved, Mapped Status: Approved
2025-04-16 18:47:30 - Entries Fetched: [{"waste_entry_id":7,"user_id":1,"waste_type_id":1,"location_id":4,"quantity":"100.00","date":"2025-04-16","waste_category":"non_household","household_waste":null,"non_household_waste":100,"controlled_facility":1,"status":"Approved","submission_date":"2025-04-16 15:31:35","validation_date":"2025-04-16 14:32:03","validator_id":1,"waste_subtype":"Metal"},{"waste_entry_id":8,"user_id":2,"waste_type_id":1,"location_id":2,"quantity":"67.00","date":"2025-04-17","waste_category":"non_household","household_waste":null,"non_household_waste":66,"controlled_facility":1,"status":"Approved","submission_date":"2025-04-16 15:57:31","validation_date":"2025-04-16 14:57:44","validator_id":1,"waste_subtype":"Textiles"}]
2025-04-16 18:47:30 - GET Request - Category: construction, Status: approved, Mapped Status: Approved
2025-04-16 18:47:30 - Entries Fetched: []
2025-04-16 18:48:18 - GET Request - Category: normal, Status: pending, Mapped Status: Submitted
2025-04-16 18:48:18 - Entries Fetched: [{"waste_entry_id":15,"user_id":1,"waste_type_id":1,"location_id":2,"quantity":"3.00","date":"2024-06-18","waste_category":"household","household_waste":3,"non_household_waste":null,"controlled_facility":1,"status":"Submitted","submission_date":"2025-04-16 19:48:14","validation_date":null,"validator_id":null,"waste_subtype":"Metal"}]
2025-04-16 18:48:18 - GET Request - Category: construction, Status: pending, Mapped Status: Submitted
2025-04-16 18:48:18 - Entries Fetched: [{"waste_entry_id":13,"user_id":1,"waste_type_id":2,"location_id":4,"quantity":"89.00","date":"2024-06-17","waste_category":"construction","household_waste":null,"non_household_waste":null,"controlled_facility":1,"status":"Submitted","submission_date":"2025-04-16 19:47:46","validation_date":null,"validator_id":null,"waste_subtype":"Wood"},{"waste_entry_id":14,"user_id":1,"waste_type_id":2,"location_id":3,"quantity":"50.00","date":"2025-04-17","waste_category":"construction","household_waste":null,"non_household_waste":null,"controlled_facility":1,"status":"Submitted","submission_date":"2025-04-16 19:47:56","validation_date":null,"validator_id":null,"waste_subtype":"Construction"}]
2025-04-16 18:48:18 - GET Request - Category: normal, Status: approved, Mapped Status: Approved
2025-04-16 18:48:18 - Entries Fetched: [{"waste_entry_id":7,"user_id":1,"waste_type_id":1,"location_id":4,"quantity":"100.00","date":"2025-04-16","waste_category":"non_household","household_waste":null,"non_household_waste":100,"controlled_facility":1,"status":"Approved","submission_date":"2025-04-16 15:31:35","validation_date":"2025-04-16 14:32:03","validator_id":1,"waste_subtype":"Metal"},{"waste_entry_id":8,"user_id":2,"waste_type_id":1,"location_id":2,"quantity":"67.00","date":"2025-04-17","waste_category":"non_household","household_waste":null,"non_household_waste":66,"controlled_facility":1,"status":"Approved","submission_date":"2025-04-16 15:57:31","validation_date":"2025-04-16 14:57:44","validator_id":1,"waste_subtype":"Textiles"}]
2025-04-16 18:48:18 - GET Request - Category: construction, Status: approved, Mapped Status: Approved
2025-04-16 18:48:18 - Entries Fetched: []
2025-04-16 18:51:17 - GET Request - Category: normal, Status: pending, Mapped Status: Submitted
2025-04-16 18:51:17 - Entries Fetched: []
2025-04-16 18:51:17 - GET Request - Category: construction, Status: pending, Mapped Status: Submitted
2025-04-16 18:51:17 - Entries Fetched: []
2025-04-16 18:51:17 - GET Request - Category: normal, Status: approved, Mapped Status: Approved
2025-04-16 18:51:17 - Entries Fetched: [{"waste_entry_id":7,"user_id":1,"waste_type_id":1,"location_id":4,"quantity":"100.00","date":"2025-04-16","waste_category":"non_household","household_waste":null,"non_household_waste":100,"controlled_facility":1,"status":"Approved","submission_date":"2025-04-16 15:31:35","validation_date":"2025-04-16 14:32:03","validator_id":1,"waste_subtype":"Metal"},{"waste_entry_id":8,"user_id":2,"waste_type_id":1,"location_id":2,"quantity":"67.00","date":"2025-04-17","waste_category":"non_household","household_waste":null,"non_household_waste":66,"controlled_facility":1,"status":"Approved","submission_date":"2025-04-16 15:57:31","validation_date":"2025-04-16 14:57:44","validator_id":1,"waste_subtype":"Textiles"},{"waste_entry_id":15,"user_id":1,"waste_type_id":1,"location_id":2,"quantity":"3.00","date":"2024-06-18","waste_category":"household","household_waste":3,"non_household_waste":null,"controlled_facility":1,"status":"Approved","submission_date":"2025-04-16 19:48:14","validation_date":"2025-04-16 18:48:42","validator_id":1,"waste_subtype":"Metal"}]
2025-04-16 18:51:17 - GET Request - Category: construction, Status: approved, Mapped Status: Approved
2025-04-16 18:51:17 - Entries Fetched: [{"waste_entry_id":13,"user_id":1,"waste_type_id":2,"location_id":4,"quantity":"89.00","date":"2024-06-17","waste_category":"construction","household_waste":null,"non_household_waste":null,"controlled_facility":1,"status":"Approved","submission_date":"2025-04-16 19:47:46","validation_date":"2025-04-16 18:48:43","validator_id":1,"waste_subtype":"Wood"},{"waste_entry_id":14,"user_id":1,"waste_type_id":2,"location_id":3,"quantity":"50.00","date":"2025-04-17","waste_category":"construction","household_waste":null,"non_household_waste":null,"controlled_facility":1,"status":"Approved","submission_date":"2025-04-16 19:47:56","validation_date":"2025-04-16 18:48:47","validator_id":1,"waste_subtype":"Construction"}]
2025-04-16 19:57:13 - GET Request - Category: normal, Status: pending, Mapped Status: Submitted
2025-04-16 19:57:13 - Entries Fetched: []
2025-04-16 19:57:13 - GET Request - Category: construction, Status: pending, Mapped Status: Submitted
2025-04-16 19:57:13 - Entries Fetched: []
2025-04-16 19:57:13 - GET Request - Category: normal, Status: approved, Mapped Status: Approved
2025-04-16 19:57:13 - Entries Fetched: [{"waste_entry_id":7,"user_id":1,"waste_type_id":1,"location_id":4,"quantity":"120.00","date":"2025-04-16","waste_category":"non_household","household_waste":null,"non_household_waste":100,"controlled_facility":1,"status":"Approved","submission_date":"2025-04-16 15:31:35","validation_date":"2025-04-16 14:32:03","validator_id":1,"waste_subtype":"Metal"},{"waste_entry_id":8,"user_id":2,"waste_type_id":1,"location_id":2,"quantity":"67.00","date":"2025-04-17","waste_category":"non_household","household_waste":null,"non_household_waste":66,"controlled_facility":1,"status":"Approved","submission_date":"2025-04-16 15:57:31","validation_date":"2025-04-16 14:57:44","validator_id":1,"waste_subtype":"Textiles"},{"waste_entry_id":15,"user_id":1,"waste_type_id":1,"location_id":2,"quantity":"3.00","date":"2024-06-18","waste_category":"household","household_waste":3,"non_household_waste":null,"controlled_facility":1,"status":"Approved","submission_date":"2025-04-16 19:48:14","validation_date":"2025-04-16 18:48:42","validator_id":1,"waste_subtype":"Metal"}]
2025-04-16 19:57:13 - GET Request - Category: construction, Status: approved, Mapped Status: Approved
2025-04-16 19:57:13 - Entries Fetched: [{"waste_entry_id":13,"user_id":1,"waste_type_id":2,"location_id":4,"quantity":"89.00","date":"2024-06-17","waste_category":"construction","household_waste":null,"non_household_waste":null,"controlled_facility":1,"status":"Approved","submission_date":"2025-04-16 19:47:46","validation_date":"2025-04-16 18:48:43","validator_id":1,"waste_subtype":"Wood"},{"waste_entry_id":14,"user_id":1,"waste_type_id":2,"location_id":3,"quantity":"50.00","date":"2025-04-17","waste_category":"construction","household_waste":null,"non_household_waste":null,"controlled_facility":1,"status":"Approved","submission_date":"2025-04-16 19:47:56","validation_date":"2025-04-16 18:48:47","validator_id":1,"waste_subtype":"Construction"}]
2025-04-16 19:58:20 - GET Request - Category: normal, Status: pending, Mapped Status: Submitted
2025-04-16 19:58:20 - Entries Fetched: []
2025-04-16 19:58:20 - GET Request - Category: construction, Status: pending, Mapped Status: Submitted
2025-04-16 19:58:20 - Entries Fetched: []
2025-04-16 19:58:20 - GET Request - Category: normal, Status: approved, Mapped Status: Approved
2025-04-16 19:58:20 - Entries Fetched: [{"waste_entry_id":7,"user_id":1,"waste_type_id":1,"location_id":4,"quantity":"120.00","date":"2025-04-16","waste_category":"non_household","household_waste":null,"non_household_waste":100,"controlled_facility":1,"status":"Approved","submission_date":"2025-04-16 15:31:35","validation_date":"2025-04-16 14:32:03","validator_id":1,"waste_subtype":"Metal"},{"waste_entry_id":8,"user_id":2,"waste_type_id":1,"location_id":2,"quantity":"67.00","date":"2025-04-17","waste_category":"non_household","household_waste":null,"non_household_waste":66,"controlled_facility":1,"status":"Approved","submission_date":"2025-04-16 15:57:31","validation_date":"2025-04-16 14:57:44","validator_id":1,"waste_subtype":"Textiles"},{"waste_entry_id":15,"user_id":1,"waste_type_id":1,"location_id":2,"quantity":"3.00","date":"2024-06-18","waste_category":"household","household_waste":3,"non_household_waste":null,"controlled_facility":1,"status":"Approved","submission_date":"2025-04-16 19:48:14","validation_date":"2025-04-16 18:48:42","validator_id":1,"waste_subtype":"Metal"}]
2025-04-16 19:58:20 - GET Request - Category: construction, Status: approved, Mapped Status: Approved
2025-04-16 19:58:20 - Entries Fetched: [{"waste_entry_id":13,"user_id":1,"waste_type_id":2,"location_id":4,"quantity":"89.00","date":"2024-06-17","waste_category":"construction","household_waste":null,"non_household_waste":null,"controlled_facility":1,"status":"Approved","submission_date":"2025-04-16 19:47:46","validation_date":"2025-04-16 18:48:43","validator_id":1,"waste_subtype":"Wood"},{"waste_entry_id":14,"user_id":1,"waste_type_id":2,"location_id":3,"quantity":"50.00","date":"2025-04-17","waste_category":"construction","household_waste":null,"non_household_waste":null,"controlled_facility":1,"status":"Approved","submission_date":"2025-04-16 19:47:56","validation_date":"2025-04-16 18:48:47","validator_id":1,"waste_subtype":"Construction"}]
2025-04-16 19:58:44 - GET Request - Category: normal, Status: pending, Mapped Status: Submitted
2025-04-16 19:58:44 - Entries Fetched: []
2025-04-16 19:58:44 - GET Request - Category: construction, Status: pending, Mapped Status: Submitted
2025-04-16 19:58:44 - Entries Fetched: []
2025-04-16 19:58:44 - GET Request - Category: normal, Status: approved, Mapped Status: Approved
2025-04-16 19:58:44 - Entries Fetched: [{"waste_entry_id":7,"user_id":1,"waste_type_id":1,"location_id":4,"quantity":"120.00","date":"2025-04-16","waste_category":"non_household","household_waste":null,"non_household_waste":100,"controlled_facility":1,"status":"Approved","submission_date":"2025-04-16 15:31:35","validation_date":"2025-04-16 14:32:03","validator_id":1,"waste_subtype":"Metal"},{"waste_entry_id":8,"user_id":2,"waste_type_id":1,"location_id":2,"quantity":"67.00","date":"2025-04-17","waste_category":"non_household","household_waste":null,"non_household_waste":66,"controlled_facility":1,"status":"Approved","submission_date":"2025-04-16 15:57:31","validation_date":"2025-04-16 14:57:44","validator_id":1,"waste_subtype":"Textiles"},{"waste_entry_id":15,"user_id":1,"waste_type_id":1,"location_id":2,"quantity":"3.00","date":"2024-06-18","waste_category":"household","household_waste":3,"non_household_waste":null,"controlled_facility":1,"status":"Approved","submission_date":"2025-04-16 19:48:14","validation_date":"2025-04-16 18:48:42","validator_id":1,"waste_subtype":"Metal"}]
2025-04-16 19:58:44 - GET Request - Category: construction, Status: approved, Mapped Status: Approved
2025-04-16 19:58:44 - Entries Fetched: [{"waste_entry_id":13,"user_id":1,"waste_type_id":2,"location_id":4,"quantity":"89.00","date":"2024-06-17","waste_category":"construction","household_waste":null,"non_household_waste":null,"controlled_facility":1,"status":"Approved","submission_date":"2025-04-16 19:47:46","validation_date":"2025-04-16 18:48:43","validator_id":1,"waste_subtype":"Wood"},{"waste_entry_id":14,"user_id":1,"waste_type_id":2,"location_id":3,"quantity":"50.00","date":"2025-04-17","waste_category":"construction","household_waste":null,"non_household_waste":null,"controlled_facility":1,"status":"Approved","submission_date":"2025-04-16 19:47:56","validation_date":"2025-04-16 18:48:47","validator_id":1,"waste_subtype":"Construction"}]
2025-04-16 20:03:08 - GET Request - Category: normal, Status: pending, Mapped Status: Submitted
2025-04-16 20:03:08 - Entries Fetched: []
2025-04-16 20:03:08 - GET Request - Category: construction, Status: pending, Mapped Status: Submitted
2025-04-16 20:03:08 - Entries Fetched: []
2025-04-16 20:03:08 - GET Request - Category: normal, Status: approved, Mapped Status: Approved
2025-04-16 20:03:08 - Entries Fetched: [{"waste_entry_id":7,"user_id":1,"waste_type_id":1,"location_id":4,"quantity":"190.00","date":"2025-04-16","waste_category":"non_household","household_waste":null,"non_household_waste":100,"controlled_facility":1,"status":"Approved","submission_date":"2025-04-16 15:31:35","validation_date":"2025-04-16 14:32:03","validator_id":1,"waste_subtype":"Metal"},{"waste_entry_id":8,"user_id":2,"waste_type_id":1,"location_id":2,"quantity":"67.00","date":"2025-04-17","waste_category":"non_household","household_waste":null,"non_household_waste":66,"controlled_facility":1,"status":"Approved","submission_date":"2025-04-16 15:57:31","validation_date":"2025-04-16 14:57:44","validator_id":1,"waste_subtype":"Textiles"},{"waste_entry_id":15,"user_id":1,"waste_type_id":1,"location_id":2,"quantity":"3.00","date":"2024-06-18","waste_category":"household","household_waste":3,"non_household_waste":null,"controlled_facility":1,"status":"Approved","submission_date":"2025-04-16 19:48:14","validation_date":"2025-04-16 18:48:42","validator_id":1,"waste_subtype":"Metal"}]
2025-04-16 20:03:08 - GET Request - Category: construction, Status: approved, Mapped Status: Approved
2025-04-16 20:03:08 - Entries Fetched: [{"waste_entry_id":13,"user_id":1,"waste_type_id":2,"location_id":4,"quantity":"89.00","date":"2024-06-17","waste_category":"construction","household_waste":null,"non_household_waste":null,"controlled_facility":1,"status":"Approved","submission_date":"2025-04-16 19:47:46","validation_date":"2025-04-16 18:48:43","validator_id":1,"waste_subtype":"Wood"},{"waste_entry_id":14,"user_id":1,"waste_type_id":2,"location_id":3,"quantity":"50.00","date":"2025-04-17","waste_category":"construction","household_waste":null,"non_household_waste":null,"controlled_facility":1,"status":"Approved","submission_date":"2025-04-16 19:47:56","validation_date":"2025-04-16 18:48:47","validator_id":1,"waste_subtype":"Construction"}]
2025-04-16 20:03:09 - GET Request - Category: normal, Status: pending, Mapped Status: Submitted
2025-04-16 20:03:09 - Entries Fetched: []
2025-04-16 20:03:09 - GET Request - Category: construction, Status: pending, Mapped Status: Submitted
2025-04-16 20:03:09 - Entries Fetched: []
2025-04-16 20:03:09 - GET Request - Category: normal, Status: approved, Mapped Status: Approved
2025-04-16 20:03:09 - Entries Fetched: [{"waste_entry_id":7,"user_id":1,"waste_type_id":1,"location_id":4,"quantity":"190.00","date":"2025-04-16","waste_category":"non_household","household_waste":null,"non_household_waste":100,"controlled_facility":1,"status":"Approved","submission_date":"2025-04-16 15:31:35","validation_date":"2025-04-16 14:32:03","validator_id":1,"waste_subtype":"Metal"},{"waste_entry_id":8,"user_id":2,"waste_type_id":1,"location_id":2,"quantity":"67.00","date":"2025-04-17","waste_category":"non_household","household_waste":null,"non_household_waste":66,"controlled_facility":1,"status":"Approved","submission_date":"2025-04-16 15:57:31","validation_date":"2025-04-16 14:57:44","validator_id":1,"waste_subtype":"Textiles"},{"waste_entry_id":15,"user_id":1,"waste_type_id":1,"location_id":2,"quantity":"3.00","date":"2024-06-18","waste_category":"household","household_waste":3,"non_household_waste":null,"controlled_facility":1,"status":"Approved","submission_date":"2025-04-16 19:48:14","validation_date":"2025-04-16 18:48:42","validator_id":1,"waste_subtype":"Metal"}]
2025-04-16 20:03:09 - GET Request - Category: construction, Status: approved, Mapped Status: Approved
2025-04-16 20:03:09 - Entries Fetched: [{"waste_entry_id":13,"user_id":1,"waste_type_id":2,"location_id":4,"quantity":"89.00","date":"2024-06-17","waste_category":"construction","household_waste":null,"non_household_waste":null,"controlled_facility":1,"status":"Approved","submission_date":"2025-04-16 19:47:46","validation_date":"2025-04-16 18:48:43","validator_id":1,"waste_subtype":"Wood"},{"waste_entry_id":14,"user_id":1,"waste_type_id":2,"location_id":3,"quantity":"50.00","date":"2025-04-17","waste_category":"construction","household_waste":null,"non_household_waste":null,"controlled_facility":1,"status":"Approved","submission_date":"2025-04-16 19:47:56","validation_date":"2025-04-16 18:48:47","validator_id":1,"waste_subtype":"Construction"}]
2025-04-16 20:06:05 - GET Request - Category: normal, Status: pending, Mapped Status: Submitted
2025-04-16 20:06:05 - Entries Fetched: []
2025-04-16 20:06:05 - GET Request - Category: construction, Status: pending, Mapped Status: Submitted
2025-04-16 20:06:05 - Entries Fetched: []
2025-04-16 20:06:05 - GET Request - Category: normal, Status: approved, Mapped Status: Approved
2025-04-16 20:06:05 - Entries Fetched: [{"waste_entry_id":7,"user_id":1,"waste_type_id":1,"location_id":4,"quantity":"88.00","date":"2025-04-16","waste_category":"non_household","household_waste":null,"non_household_waste":100,"controlled_facility":1,"status":"Approved","submission_date":"2025-04-16 15:31:35","validation_date":"2025-04-16 14:32:03","validator_id":1,"waste_subtype":"Metal"},{"waste_entry_id":8,"user_id":2,"waste_type_id":1,"location_id":2,"quantity":"67.00","date":"2025-04-17","waste_category":"non_household","household_waste":null,"non_household_waste":66,"controlled_facility":1,"status":"Approved","submission_date":"2025-04-16 15:57:31","validation_date":"2025-04-16 14:57:44","validator_id":1,"waste_subtype":"Textiles"},{"waste_entry_id":15,"user_id":1,"waste_type_id":1,"location_id":2,"quantity":"3.00","date":"2024-06-18","waste_category":"household","household_waste":3,"non_household_waste":null,"controlled_facility":1,"status":"Approved","submission_date":"2025-04-16 19:48:14","validation_date":"2025-04-16 18:48:42","validator_id":1,"waste_subtype":"Metal"}]
2025-04-16 20:06:05 - GET Request - Category: construction, Status: approved, Mapped Status: Approved
2025-04-16 20:06:05 - Entries Fetched: [{"waste_entry_id":13,"user_id":1,"waste_type_id":2,"location_id":4,"quantity":"89.00","date":"2024-06-17","waste_category":"construction","household_waste":null,"non_household_waste":null,"controlled_facility":1,"status":"Approved","submission_date":"2025-04-16 19:47:46","validation_date":"2025-04-16 18:48:43","validator_id":1,"waste_subtype":"Wood"},{"waste_entry_id":14,"user_id":1,"waste_type_id":2,"location_id":3,"quantity":"50.00","date":"2025-04-17","waste_category":"construction","household_waste":null,"non_household_waste":null,"controlled_facility":1,"status":"Approved","submission_date":"2025-04-16 19:47:56","validation_date":"2025-04-16 18:48:47","validator_id":1,"waste_subtype":"Construction"}]
2025-04-16 20:06:07 - GET Request - Category: normal, Status: pending, Mapped Status: Submitted
2025-04-16 20:06:07 - Entries Fetched: []
2025-04-16 20:06:07 - GET Request - Category: construction, Status: pending, Mapped Status: Submitted
2025-04-16 20:06:07 - Entries Fetched: []
2025-04-16 20:06:07 - GET Request - Category: normal, Status: approved, Mapped Status: Approved
2025-04-16 20:06:07 - Entries Fetched: [{"waste_entry_id":7,"user_id":1,"waste_type_id":1,"location_id":4,"quantity":"88.00","date":"2025-04-16","waste_category":"non_household","household_waste":null,"non_household_waste":100,"controlled_facility":1,"status":"Approved","submission_date":"2025-04-16 15:31:35","validation_date":"2025-04-16 14:32:03","validator_id":1,"waste_subtype":"Metal"},{"waste_entry_id":8,"user_id":2,"waste_type_id":1,"location_id":2,"quantity":"67.00","date":"2025-04-17","waste_category":"non_household","household_waste":null,"non_household_waste":66,"controlled_facility":1,"status":"Approved","submission_date":"2025-04-16 15:57:31","validation_date":"2025-04-16 14:57:44","validator_id":1,"waste_subtype":"Textiles"},{"waste_entry_id":15,"user_id":1,"waste_type_id":1,"location_id":2,"quantity":"3.00","date":"2024-06-18","waste_category":"household","household_waste":3,"non_household_waste":null,"controlled_facility":1,"status":"Approved","submission_date":"2025-04-16 19:48:14","validation_date":"2025-04-16 18:48:42","validator_id":1,"waste_subtype":"Metal"}]
2025-04-16 20:06:07 - GET Request - Category: construction, Status: approved, Mapped Status: Approved
2025-04-16 20:06:07 - Entries Fetched: [{"waste_entry_id":13,"user_id":1,"waste_type_id":2,"location_id":4,"quantity":"89.00","date":"2024-06-17","waste_category":"construction","household_waste":null,"non_household_waste":null,"controlled_facility":1,"status":"Approved","submission_date":"2025-04-16 19:47:46","validation_date":"2025-04-16 18:48:43","validator_id":1,"waste_subtype":"Wood"},{"waste_entry_id":14,"user_id":1,"waste_type_id":2,"location_id":3,"quantity":"50.00","date":"2025-04-17","waste_category":"construction","household_waste":null,"non_household_waste":null,"controlled_facility":1,"status":"Approved","submission_date":"2025-04-16 19:47:56","validation_date":"2025-04-16 18:48:47","validator_id":1,"waste_subtype":"Construction"}]
2025-04-16 20:50:08 - GET Request - Category: normal, Status: pending, Mapped Status: Submitted
2025-04-16 20:50:08 - Entries Fetched: []
2025-04-16 20:50:08 - GET Request - Category: construction, Status: pending, Mapped Status: Submitted
2025-04-16 20:50:08 - Entries Fetched: []
2025-04-16 20:50:08 - GET Request - Category: normal, Status: approved, Mapped Status: Approved
2025-04-16 20:50:08 - Entries Fetched: [{"waste_entry_id":7,"user_id":1,"waste_type_id":1,"location_id":4,"quantity":"7.00","date":"2025-04-16","waste_category":"non_household","household_waste":null,"non_household_waste":100,"controlled_facility":1,"status":"Approved","submission_date":"2025-04-16 15:31:35","validation_date":"2025-04-16 14:32:03","validator_id":1,"waste_subtype":"Metal"},{"waste_entry_id":8,"user_id":2,"waste_type_id":1,"location_id":2,"quantity":"67.00","date":"2025-04-17","waste_category":"non_household","household_waste":null,"non_household_waste":66,"controlled_facility":1,"status":"Approved","submission_date":"2025-04-16 15:57:31","validation_date":"2025-04-16 14:57:44","validator_id":1,"waste_subtype":"Textiles"},{"waste_entry_id":15,"user_id":1,"waste_type_id":1,"location_id":2,"quantity":"3.00","date":"2024-06-18","waste_category":"household","household_waste":3,"non_household_waste":null,"controlled_facility":1,"status":"Approved","submission_date":"2025-04-16 19:48:14","validation_date":"2025-04-16 18:48:42","validator_id":1,"waste_subtype":"Metal"}]
2025-04-16 20:50:08 - GET Request - Category: construction, Status: approved, Mapped Status: Approved
2025-04-16 20:50:08 - Entries Fetched: [{"waste_entry_id":13,"user_id":1,"waste_type_id":2,"location_id":4,"quantity":"89.00","date":"2024-06-17","waste_category":"construction","household_waste":null,"non_household_waste":null,"controlled_facility":1,"status":"Approved","submission_date":"2025-04-16 19:47:46","validation_date":"2025-04-16 18:48:43","validator_id":1,"waste_subtype":"Wood"},{"waste_entry_id":14,"user_id":1,"waste_type_id":2,"location_id":3,"quantity":"50.00","date":"2025-04-17","waste_category":"construction","household_waste":null,"non_household_waste":null,"controlled_facility":1,"status":"Approved","submission_date":"2025-04-16 19:47:56","validation_date":"2025-04-16 18:48:47","validator_id":1,"waste_subtype":"Construction"}]
2025-04-16 21:00:39 - GET Request - Category: normal, Status: pending, Mapped Status: Submitted
2025-04-16 21:00:39 - Entries Fetched: []
2025-04-16 21:00:39 - GET Request - Category: construction, Status: pending, Mapped Status: Submitted
2025-04-16 21:00:39 - Entries Fetched: []
2025-04-16 21:00:39 - GET Request - Category: normal, Status: approved, Mapped Status: Approved
2025-04-16 21:00:39 - Entries Fetched: [{"waste_entry_id":7,"user_id":1,"waste_type_id":1,"location_id":4,"quantity":"7.00","date":"2025-04-16","waste_category":"non_household","household_waste":null,"non_household_waste":100,"controlled_facility":1,"status":"Approved","submission_date":"2025-04-16 15:31:35","validation_date":"2025-04-16 14:32:03","validator_id":1,"waste_subtype":"Metal"},{"waste_entry_id":8,"user_id":2,"waste_type_id":1,"location_id":2,"quantity":"67.00","date":"2025-04-17","waste_category":"non_household","household_waste":null,"non_household_waste":66,"controlled_facility":1,"status":"Approved","submission_date":"2025-04-16 15:57:31","validation_date":"2025-04-16 14:57:44","validator_id":1,"waste_subtype":"Textiles"},{"waste_entry_id":15,"user_id":1,"waste_type_id":1,"location_id":2,"quantity":"3.00","date":"2024-06-18","waste_category":"household","household_waste":3,"non_household_waste":null,"controlled_facility":1,"status":"Approved","submission_date":"2025-04-16 19:48:14","validation_date":"2025-04-16 18:48:42","validator_id":1,"waste_subtype":"Metal"}]
2025-04-16 21:00:39 - GET Request - Category: construction, Status: approved, Mapped Status: Approved
2025-04-16 21:00:39 - Entries Fetched: [{"waste_entry_id":13,"user_id":1,"waste_type_id":2,"location_id":4,"quantity":"89.00","date":"2024-06-17","waste_category":"construction","household_waste":null,"non_household_waste":null,"controlled_facility":1,"status":"Approved","submission_date":"2025-04-16 19:47:46","validation_date":"2025-04-16 18:48:43","validator_id":1,"waste_subtype":"Wood"},{"waste_entry_id":14,"user_id":1,"waste_type_id":2,"location_id":3,"quantity":"50.00","date":"2025-04-17","waste_category":"construction","household_waste":null,"non_household_waste":null,"controlled_facility":1,"status":"Approved","submission_date":"2025-04-16 19:47:56","validation_date":"2025-04-16 18:48:47","validator_id":1,"waste_subtype":"Construction"}]
2025-04-16 21:10:03 - GET Request - Category: normal, Status: pending, Mapped Status: Submitted
2025-04-16 21:10:03 - Entries Fetched: []
2025-04-16 21:10:03 - GET Request - Category: construction, Status: pending, Mapped Status: Submitted
2025-04-16 21:10:03 - Entries Fetched: []
2025-04-16 21:10:04 - GET Request - Category: normal, Status: approved, Mapped Status: Approved
2025-04-16 21:10:04 - Entries Fetched: [{"waste_entry_id":7,"user_id":1,"waste_type_id":1,"location_id":4,"quantity":"7.00","date":"2025-04-16","waste_category":"non_household","household_waste":null,"non_household_waste":100,"controlled_facility":1,"status":"Approved","submission_date":"2025-04-16 15:31:35","validation_date":"2025-04-16 14:32:03","validator_id":1,"waste_subtype":"Metal"},{"waste_entry_id":8,"user_id":2,"waste_type_id":1,"location_id":2,"quantity":"67.00","date":"2025-04-17","waste_category":"non_household","household_waste":null,"non_household_waste":66,"controlled_facility":1,"status":"Approved","submission_date":"2025-04-16 15:57:31","validation_date":"2025-04-16 14:57:44","validator_id":1,"waste_subtype":"Textiles"},{"waste_entry_id":15,"user_id":1,"waste_type_id":1,"location_id":2,"quantity":"3.00","date":"2024-06-18","waste_category":"household","household_waste":3,"non_household_waste":null,"controlled_facility":1,"status":"Approved","submission_date":"2025-04-16 19:48:14","validation_date":"2025-04-16 18:48:42","validator_id":1,"waste_subtype":"Metal"}]
2025-04-16 21:10:04 - GET Request - Category: construction, Status: approved, Mapped Status: Approved
2025-04-16 21:10:04 - Entries Fetched: [{"waste_entry_id":13,"user_id":1,"waste_type_id":2,"location_id":4,"quantity":"89.00","date":"2024-06-17","waste_category":"construction","household_waste":null,"non_household_waste":null,"controlled_facility":1,"status":"Approved","submission_date":"2025-04-16 19:47:46","validation_date":"2025-04-16 18:48:43","validator_id":1,"waste_subtype":"Wood"},{"waste_entry_id":14,"user_id":1,"waste_type_id":2,"location_id":3,"quantity":"50.00","date":"2025-04-17","waste_category":"construction","household_waste":null,"non_household_waste":null,"controlled_facility":1,"status":"Approved","submission_date":"2025-04-16 19:47:56","validation_date":"2025-04-16 18:48:47","validator_id":1,"waste_subtype":"Construction"}]
2025-04-16 21:21:19 - GET Request - Category: normal, Status: pending, Mapped Status: Submitted
2025-04-16 21:21:19 - Entries Fetched: []
2025-04-16 21:21:19 - GET Request - Category: construction, Status: pending, Mapped Status: Submitted
2025-04-16 21:21:19 - Entries Fetched: []
2025-04-16 21:21:19 - GET Request - Category: normal, Status: approved, Mapped Status: Approved
2025-04-16 21:21:19 - Entries Fetched: [{"waste_entry_id":7,"user_id":1,"waste_type_id":1,"location_id":4,"quantity":"7.00","date":"2025-04-16","waste_category":"non_household","household_waste":null,"non_household_waste":100,"controlled_facility":1,"status":"Approved","submission_date":"2025-04-16 15:31:35","validation_date":"2025-04-16 14:32:03","validator_id":1,"waste_subtype":"Metal"},{"waste_entry_id":8,"user_id":2,"waste_type_id":1,"location_id":2,"quantity":"67.00","date":"2025-04-17","waste_category":"non_household","household_waste":null,"non_household_waste":66,"controlled_facility":1,"status":"Approved","submission_date":"2025-04-16 15:57:31","validation_date":"2025-04-16 14:57:44","validator_id":1,"waste_subtype":"Textiles"},{"waste_entry_id":15,"user_id":1,"waste_type_id":1,"location_id":2,"quantity":"3.00","date":"2024-06-18","waste_category":"household","household_waste":3,"non_household_waste":null,"controlled_facility":1,"status":"Approved","submission_date":"2025-04-16 19:48:14","validation_date":"2025-04-16 18:48:42","validator_id":1,"waste_subtype":"Metal"}]
2025-04-16 21:21:19 - GET Request - Category: construction, Status: approved, Mapped Status: Approved
2025-04-16 21:21:19 - Entries Fetched: [{"waste_entry_id":13,"user_id":1,"waste_type_id":2,"location_id":4,"quantity":"89.00","date":"2024-06-17","waste_category":"construction","household_waste":null,"non_household_waste":null,"controlled_facility":1,"status":"Approved","submission_date":"2025-04-16 19:47:46","validation_date":"2025-04-16 18:48:43","validator_id":1,"waste_subtype":"Wood"},{"waste_entry_id":14,"user_id":1,"waste_type_id":2,"location_id":3,"quantity":"50.00","date":"2025-04-17","waste_category":"construction","household_waste":null,"non_household_waste":null,"controlled_facility":1,"status":"Approved","submission_date":"2025-04-16 19:47:56","validation_date":"2025-04-16 18:48:47","validator_id":1,"waste_subtype":"Construction"}]
2025-04-16 21:49:26 - GET Request - Category: normal, Status: pending, Mapped Status: Submitted
2025-04-16 21:49:26 - Entries Fetched: [{"waste_entry_id":16,"user_id":2,"waste_type_id":1,"location_id":4,"quantity":"4.00","date":"2023-06-07","waste_category":"household","household_waste":4,"non_household_waste":null,"controlled_facility":1,"status":"Submitted","submission_date":"2025-04-16 22:49:21","validation_date":null,"validator_id":null,"waste_subtype":"Paper"}]
2025-04-16 21:49:26 - GET Request - Category: construction, Status: pending, Mapped Status: Submitted
2025-04-16 21:49:26 - Entries Fetched: []
2025-04-16 21:49:26 - GET Request - Category: normal, Status: approved, Mapped Status: Approved
2025-04-16 21:49:26 - Entries Fetched: [{"waste_entry_id":7,"user_id":1,"waste_type_id":1,"location_id":4,"quantity":"77.00","date":"2025-04-16","waste_category":"non_household","household_waste":null,"non_household_waste":100,"controlled_facility":1,"status":"Approved","submission_date":"2025-04-16 15:31:35","validation_date":"2025-04-16 14:32:03","validator_id":1,"waste_subtype":"Metal"},{"waste_entry_id":8,"user_id":2,"waste_type_id":1,"location_id":2,"quantity":"67.00","date":"2025-04-17","waste_category":"non_household","household_waste":null,"non_household_waste":66,"controlled_facility":1,"status":"Approved","submission_date":"2025-04-16 15:57:31","validation_date":"2025-04-16 14:57:44","validator_id":1,"waste_subtype":"Textiles"}]
2025-04-16 21:49:26 - GET Request - Category: construction, Status: approved, Mapped Status: Approved
2025-04-16 21:49:26 - Entries Fetched: [{"waste_entry_id":13,"user_id":1,"waste_type_id":2,"location_id":4,"quantity":"100.00","date":"2024-06-17","waste_category":"construction","household_waste":null,"non_household_waste":null,"controlled_facility":1,"status":"Approved","submission_date":"2025-04-16 19:47:46","validation_date":"2025-04-16 18:48:43","validator_id":1,"waste_subtype":"Wood"}]
2025-04-16 21:59:42 - GET Request - Category: normal, Status: pending, Mapped Status: Submitted
2025-04-16 21:59:42 - Entries Fetched: []
2025-04-16 21:59:42 - GET Request - Category: construction, Status: pending, Mapped Status: Submitted
2025-04-16 21:59:42 - Entries Fetched: []
2025-04-16 21:59:42 - GET Request - Category: normal, Status: approved, Mapped Status: Approved
2025-04-16 21:59:42 - Entries Fetched: [{"waste_entry_id":7,"user_id":1,"waste_type_id":1,"location_id":4,"quantity":"77.00","date":"2025-04-16","waste_category":"non_household","household_waste":null,"non_household_waste":100,"controlled_facility":1,"status":"Approved","submission_date":"2025-04-16 15:31:35","validation_date":"2025-04-16 14:32:03","validator_id":1,"waste_subtype":"Metal"},{"waste_entry_id":8,"user_id":2,"waste_type_id":1,"location_id":2,"quantity":"67.00","date":"2025-04-17","waste_category":"non_household","household_waste":null,"non_household_waste":66,"controlled_facility":1,"status":"Approved","submission_date":"2025-04-16 15:57:31","validation_date":"2025-04-16 14:57:44","validator_id":1,"waste_subtype":"Textiles"},{"waste_entry_id":16,"user_id":2,"waste_type_id":1,"location_id":4,"quantity":"4.00","date":"2023-06-07","waste_category":"household","household_waste":4,"non_household_waste":null,"controlled_facility":1,"status":"Approved","submission_date":"2025-04-16 22:49:21","validation_date":"2025-04-16 21:49:31","validator_id":1,"waste_subtype":"Paper"}]
2025-04-16 21:59:42 - GET Request - Category: construction, Status: approved, Mapped Status: Approved
2025-04-16 21:59:42 - Entries Fetched: [{"waste_entry_id":13,"user_id":1,"waste_type_id":2,"location_id":4,"quantity":"100.00","date":"2024-06-17","waste_category":"construction","household_waste":null,"non_household_waste":null,"controlled_facility":1,"status":"Approved","submission_date":"2025-04-16 19:47:46","validation_date":"2025-04-16 18:48:43","validator_id":1,"waste_subtype":"Wood"}]
2025-04-16 22:00:59 - GET Request - Category: normal, Status: pending, Mapped Status: Submitted
2025-04-16 22:00:59 - Entries Fetched: []
2025-04-16 22:00:59 - GET Request - Category: construction, Status: pending, Mapped Status: Submitted
2025-04-16 22:00:59 - Entries Fetched: [{"waste_entry_id":17,"user_id":1,"waste_type_id":2,"location_id":3,"quantity":"88.00","date":"2024-04-26","waste_category":"construction","household_waste":null,"non_household_waste":null,"controlled_facility":1,"status":"Submitted","submission_date":"2025-04-16 23:00:30","validation_date":null,"validator_id":null,"waste_subtype":"Construction"},{"waste_entry_id":18,"user_id":1,"waste_type_id":2,"location_id":5,"quantity":"20.00","date":"2023-03-02","waste_category":"construction","household_waste":null,"non_household_waste":null,"controlled_facility":1,"status":"Submitted","submission_date":"2025-04-16 23:00:56","validation_date":null,"validator_id":null,"waste_subtype":"Wood"}]
2025-04-16 22:00:59 - GET Request - Category: normal, Status: approved, Mapped Status: Approved
2025-04-16 22:00:59 - Entries Fetched: [{"waste_entry_id":7,"user_id":1,"waste_type_id":1,"location_id":4,"quantity":"77.00","date":"2025-04-16","waste_category":"non_household","household_waste":null,"non_household_waste":100,"controlled_facility":1,"status":"Approved","submission_date":"2025-04-16 15:31:35","validation_date":"2025-04-16 14:32:03","validator_id":1,"waste_subtype":"Metal"},{"waste_entry_id":8,"user_id":2,"waste_type_id":1,"location_id":2,"quantity":"67.00","date":"2025-04-17","waste_category":"non_household","household_waste":null,"non_household_waste":66,"controlled_facility":1,"status":"Approved","submission_date":"2025-04-16 15:57:31","validation_date":"2025-04-16 14:57:44","validator_id":1,"waste_subtype":"Textiles"},{"waste_entry_id":16,"user_id":2,"waste_type_id":1,"location_id":4,"quantity":"4.00","date":"2023-06-07","waste_category":"household","household_waste":4,"non_household_waste":null,"controlled_facility":1,"status":"Approved","submission_date":"2025-04-16 22:49:21","validation_date":"2025-04-16 21:49:31","validator_id":1,"waste_subtype":"Paper"}]
2025-04-16 22:00:59 - GET Request - Category: construction, Status: approved, Mapped Status: Approved
2025-04-16 22:00:59 - Entries Fetched: [{"waste_entry_id":13,"user_id":1,"waste_type_id":2,"location_id":4,"quantity":"100.00","date":"2024-06-17","waste_category":"construction","household_waste":null,"non_household_waste":null,"controlled_facility":1,"status":"Approved","submission_date":"2025-04-16 19:47:46","validation_date":"2025-04-16 18:48:43","validator_id":1,"waste_subtype":"Wood"}]
